17:54:14 **** Incremental Build of configuration Debug for project axi_ddr_no_burst_application_06 ****
make all 
make --no-print-directory pre-build
a9-linaro-pre-build-step
' '
make --no-print-directory main-build
'Building file: ../src/helloworld.c'
'Invoking: ARM v7 gcc compiler'
arm-none-eabi-gcc -Wall -O0 -g3 -c -fmessage-length=0 -MT"src/helloworld.o" -mcpu=cortex-a9 -mfpu=vfpv3 -mfloat-abi=hard -IC:/Users/Projet/Desktop/Recherche/gallay_DDR_ZC706/workspace/axi_ddr_no_burst_platform_v6/export/axi_ddr_no_burst_platform_v6/sw/axi_ddr_no_burst_platform_v6/standalone_domain/bspinclude/include -MMD -MP -MF"src/helloworld.d" -MT"src/helloworld.o" -o "src/helloworld.o" "../src/helloworld.c"
../src/helloworld.c: In function 'main':
../src/helloworld.c:107:6: warning: unused variable 'state' [-Wunused-variable]
  107 |  int state = 0;
      |      ^~~~~
../src/helloworld.c:106:6: warning: unused variable 'address' [-Wunused-variable]
  106 |  int address = 0;
      |      ^~~~~~~
../src/helloworld.c:104:6: warning: unused variable 'wdata' [-Wunused-variable]
  104 |  int wdata = 0;
      |      ^~~~~
../src/helloworld.c:94:12: warning: unused variable 'READY_STATE' [-Wunused-variable]
   94 |  const int READY_STATE = 0;
      |            ^~~~~~~~~~~
../src/helloworld.c:93:12: warning: unused variable 'BUSY_STATE' [-Wunused-variable]
   93 |  const int BUSY_STATE = 1;
      |            ^~~~~~~~~~
'Finished building: ../src/helloworld.c'
' '
'Building target: axi_ddr_no_burst_application_06.elf'
'Invoking: ARM v7 gcc linker'
arm-none-eabi-gcc -mcpu=cortex-a9 -mfpu=vfpv3 -mfloat-abi=hard -Wl,-build-id=none -specs=Xilinx.spec -Wl,-T -Wl,../src/lscript.ld -LC:/Users/Projet/Desktop/Recherche/gallay_DDR_ZC706/workspace/axi_ddr_no_burst_platform_v6/export/axi_ddr_no_burst_platform_v6/sw/axi_ddr_no_burst_platform_v6/standalone_domain/bsplib/lib -o "axi_ddr_no_burst_application_06.elf"  ./src/helloworld.o ./src/platform.o   -Wl,--start-group,-lxil,-lgcc,-lc,--end-group
'Finished building target: axi_ddr_no_burst_application_06.elf'
' '
'Invoking: ARM v7 Print Size'
arm-none-eabi-size axi_ddr_no_burst_application_06.elf  |tee "axi_ddr_no_burst_application_06.elf.size"
   text	   data	    bss	    dec	    hex	filename
  65590	   2694	  22640	  90924	  1632c	axi_ddr_no_burst_application_06.elf
'Finished building: axi_ddr_no_burst_application_06.elf.size'
' '

17:54:15 Build Finished (took 801ms)

