18:15:32 **** Incremental Build of configuration Debug for project debug_app_ver2_3 ****
make all 
make --no-print-directory pre-build
a9-linaro-pre-build-step
' '
make --no-print-directory main-build
'Building file: ../src/helloworld.c'
'Invoking: ARM v7 gcc compiler'
arm-none-eabi-gcc -Wall -O0 -g3 -c -fmessage-length=0 -MT"src/helloworld.o" -mcpu=cortex-a9 -mfpu=vfpv3 -mfloat-abi=hard -IC:/Users/Projet/Desktop/Recherche/gallay_DDR_ZC706/workspace/debug_platform_ver2_3/export/debug_platform_ver2_3/sw/debug_platform_ver2_3/standalone_domain/bspinclude/include -MMD -MP -MF"src/helloworld.d" -MT"src/helloworld.o" -o "src/helloworld.o" "../src/helloworld.c"
../src/helloworld.c: In function 'main':
../src/helloworld.c:130:22: warning: format '%d' expects argument of type 'int', but argument 2 has type 'u32' {aka 'long unsigned int'} [-Wformat=]
  130 |    printf("AWREADY: %d", XGpio_DiscreteRead(&gpio_axi_awready, 1));
      |                     ~^   ~~~~~~~~~~~~~~~~~~~~~~~~~~~~~~~~~~~~~~~~
      |                      |   |
      |                      int u32 {aka long unsigned int}
      |                     %ld
../src/helloworld.c:131:21: warning: format '%d' expects argument of type 'int', but argument 2 has type 'u32' {aka 'long unsigned int'} [-Wformat=]
  131 |    printf("WREADY: %d", XGpio_DiscreteRead(&gpio_axi_wready, 1));
      |                    ~^   ~~~~~~~~~~~~~~~~~~~~~~~~~~~~~~~~~~~~~~~
      |                     |   |
      |                     int u32 {aka long unsigned int}
      |                    %ld
../src/helloworld.c:132:22: warning: format '%d' expects argument of type 'int', but argument 2 has type 'u32' {aka 'long unsigned int'} [-Wformat=]
  132 |    printf("ARREADY: %d", XGpio_DiscreteRead(&gpio_axi_arready, 1));
      |                     ~^   ~~~~~~~~~~~~~~~~~~~~~~~~~~~~~~~~~~~~~~~~
      |                      |   |
      |                      int u32 {aka long unsigned int}
      |                     %ld
../src/helloworld.c:143:23: warning: format '%d' expects argument of type 'int', but argument 2 has type 'u32' {aka 'long unsigned int'} [-Wformat=]
  143 |     printf("AWREADY: %d", XGpio_DiscreteRead(&gpio_axi_awready, 1));
      |                      ~^   ~~~~~~~~~~~~~~~~~~~~~~~~~~~~~~~~~~~~~~~~
      |                       |   |
      |                       int u32 {aka long unsigned int}
      |                      %ld
../src/helloworld.c:144:22: warning: format '%d' expects argument of type 'int', but argument 2 has type 'u32' {aka 'long unsigned int'} [-Wformat=]
  144 |     printf("WREADY: %d", XGpio_DiscreteRead(&gpio_axi_wready, 1));
      |                     ~^   ~~~~~~~~~~~~~~~~~~~~~~~~~~~~~~~~~~~~~~~
      |                      |   |
      |                      int u32 {aka long unsigned int}
      |                     %ld
../src/helloworld.c:145:23: warning: format '%d' expects argument of type 'int', but argument 2 has type 'u32' {aka 'long unsigned int'} [-Wformat=]
  145 |     printf("ARREADY: %d", XGpio_DiscreteRead(&gpio_axi_arready, 1));
      |                      ~^   ~~~~~~~~~~~~~~~~~~~~~~~~~~~~~~~~~~~~~~~~
      |                       |   |
      |                       int u32 {aka long unsigned int}
      |                      %ld
../src/helloworld.c:194:23: warning: format '%d' expects argument of type 'int', but argument 2 has type 'u32' {aka 'long unsigned int'} [-Wformat=]
  194 |     printf("AWREADY: %d", XGpio_DiscreteRead(&gpio_axi_awready, 1));
      |                      ~^   ~~~~~~~~~~~~~~~~~~~~~~~~~~~~~~~~~~~~~~~~
      |                       |   |
      |                       int u32 {aka long unsigned int}
      |                      %ld
../src/helloworld.c:195:22: warning: format '%d' expects argument of type 'int', but argument 2 has type 'u32' {aka 'long unsigned int'} [-Wformat=]
  195 |     printf("WREADY: %d", XGpio_DiscreteRead(&gpio_axi_wready, 1));
      |                     ~^   ~~~~~~~~~~~~~~~~~~~~~~~~~~~~~~~~~~~~~~~
      |                      |   |
      |                      int u32 {aka long unsigned int}
      |                     %ld
../src/helloworld.c:196:23: warning: format '%d' expects argument of type 'int', but argument 2 has type 'u32' {aka 'long unsigned int'} [-Wformat=]
  196 |     printf("ARREADY: %d", XGpio_DiscreteRead(&gpio_axi_arready, 1));
      |                      ~^   ~~~~~~~~~~~~~~~~~~~~~~~~~~~~~~~~~~~~~~~~
      |                       |   |
      |                       int u32 {aka long unsigned int}
      |                      %ld
../src/helloworld.c:115:6: warning: unused variable 'resp_valid' [-Wunused-variable]
  115 |  int resp_valid = 0;
      |      ^~~~~~~~~~
../src/helloworld.c:113:6: warning: unused variable 'rvalid' [-Wunused-variable]
  113 |  int rvalid = 0;
      |      ^~~~~~
'Finished building: ../src/helloworld.c'
' '
'Building target: debug_app_ver2_3.elf'
'Invoking: ARM v7 gcc linker'
arm-none-eabi-gcc -mcpu=cortex-a9 -mfpu=vfpv3 -mfloat-abi=hard -Wl,-build-id=none -specs=Xilinx.spec -Wl,-T -Wl,../src/lscript.ld -LC:/Users/Projet/Desktop/Recherche/gallay_DDR_ZC706/workspace/debug_platform_ver2_3/export/debug_platform_ver2_3/sw/debug_platform_ver2_3/standalone_domain/bsplib/lib -o "debug_app_ver2_3.elf"  ./src/helloworld.o ./src/platform.o   -Wl,--start-group,-lxil,-lgcc,-lc,--end-group
'Finished building target: debug_app_ver2_3.elf'
' '
'Invoking: ARM v7 Print Size'
arm-none-eabi-size debug_app_ver2_3.elf  |tee "debug_app_ver2_3.elf.size"
   text	   data	    bss	    dec	    hex	filename
  66278	   2774	  22640	  91692	  1662c	debug_app_ver2_3.elf
'Finished building: debug_app_ver2_3.elf.size'
' '

18:15:33 Build Finished (took 745ms)

