#-----------------------------------------------------------
# Webtalk v2020.1 (64-bit)
# SW Build 2902540 on Wed May 27 19:54:49 MDT 2020
# IP Build 2902112 on Wed May 27 22:43:36 MDT 2020
# Start of session at: Thu Jul 15 08:46:22 2021
# Process ID: 1404
# Current directory: C:/Users/Projet/Desktop/Recherche/gallay_DDR_ZC706/workspace/AXI_DDR_ZC706/AXI_DDR_ZC706.sim/sim_1/behav/xsim
# Command line: wbtcv.exe -mode batch -source C:/Users/Projet/Desktop/Recherche/gallay_DDR_ZC706/workspace/AXI_DDR_ZC706/AXI_DDR_ZC706.sim/sim_1/behav/xsim/xsim.dir/fsm_01_behav/webtalk/xsim_webtalk.tcl -notrace
# Log file: C:/Users/Projet/Desktop/Recherche/gallay_DDR_ZC706/workspace/AXI_DDR_ZC706/AXI_DDR_ZC706.sim/sim_1/behav/xsim/webtalk.log
# Journal file: C:/Users/Projet/Desktop/Recherche/gallay_DDR_ZC706/workspace/AXI_DDR_ZC706/AXI_DDR_ZC706.sim/sim_1/behav/xsim\webtalk.jou
#-----------------------------------------------------------
source C:/Users/Projet/Desktop/Recherche/gallay_DDR_ZC706/workspace/AXI_DDR_ZC706/AXI_DDR_ZC706.sim/sim_1/behav/xsim/xsim.dir/fsm_01_behav/webtalk/xsim_webtalk.tcl -notrace
